{
  "TargetAPK": {
    "Name": "perl-yaml-syck",
    "Version": "1.34-r3",
    "OriginPackageName": "perl-yaml-syck"
  },
  "Findings": null,
  "GrypeDBStatus": {
    "schemaVersion": "v6.0.2",
    "built": "2025-03-06T04:06:38Z",
    "path": "testdata/grypedb/6/vulnerability.db",
    "checksum": "xxh64:c1df5bf8e5a808f2",
    "error": ""
  }
}
