{
  "TargetAPK": {
    "Name": "py3-poetry-core",
    "Version": "1.9.0-r1",
    "OriginPackageName": "py3-poetry-core"
  },
  "Findings": null,
  "GrypeDBStatus": {
    "schemaVersion": "v6.0.2",
    "built": "2025-03-06T04:06:38Z",
    "path": "testdata/grypedb/6/vulnerability.db",
    "checksum": "xxh64:c1df5bf8e5a808f2",
    "error": ""
  }
}
